limbo.are
testshrine.are
eluvielshrine.are
zethshrine.are
mtcim.are
plains.are
antava.are
southroad1.are
southroad2.are
southroad3.are
gehirvalley.are
melcene.are
caelumaedan.are
hitower.are
adrianna.are
sarloth.are
catacomb.are
dawnview.are
cimsewer.are
cimar.are
nightwalker.are
skills.are
chasmtower.are
cimcaverns.are
urtazi.are
eastroad.are
minotaur.are
forgottentower.are
malkeran.are
forgotten.are
fallenkeep.are
tribalgrounds.are
thalos.are
haon.are
mausoleum.are
sewer.are
flcont.are
valley.are
ilopheth.are
canyon.are
gannyte.are
dragtower.are
ulfarm.are
koteras.are
cantrev.are
duergarmines.are
rivenroc.are
dale.are
mythruins.are
rakshasa.are
beholder.are
crimson.are
naiadsea.are
obsidian.are
gehirkeep.are
hollows.are
emerald.are
ruins.are
naiadia.are
dagdan.are
arangird.are
varggin.are
mythforest.are
caverns.are
redtwr.are
bluetwr.are
greentwr.are
bounty.are
horde.are
scionenclave.are
regal.are
goodcabal.are
forest.are
dying.are
kotudgroad.are
aetudgroad.are
aetplaroad.are
aetcimroad.are
udgdalroad.are
udgvarroad.are
academy.are
koboldmines.are
brynnmahar.are
iceland1.are
nemeth.are
karsvalley.are
haondor2.are
alsteatomb.are
morglumshrine.are
tribalcaves.are
drowcity.are
social.are
parlor.are
$
