arangird.are:M 21804 aggress_prog aggress_prog_arangird_regthor
arangird.are:M 21805 aggress_prog aggress_prog_arangird_demon
arangird.are:M 21808 greet_prog greet_prog_arangird
arangird.are:M 21811 greet_prog greet_prog_arangird
arangird.are:M 21812 greet_prog greet_prog_arangird
arangird.are:M 21813 greet_prog greet_prog_arangird
arangird.are:M 21814 greet_prog greet_prog_arangird
arangird.are:M 21815 greet_prog greet_prog_arangird
arangird.are:M 21819 greet_prog greet_prog_arangird
arangird.are:M 21820 greet_prog greet_prog_arangird
arangird.are:M 21821 greet_prog greet_prog_arangird
arangird.are:M 21823 pulse_prog pulse_prog_arangird_patrol
arangird.are:M 21840 greet_prog greet_prog_arangird
arangird.are:I 21823 fight_prog fight_prog_axe_trelaran
bounty.are:M 23601 greet_prog greet_prog_outer_guardian
bounty.are:M 23601 death_prog death_prog_outer_guardian
bounty.are:M 23601 attack_prog attack_prog_outer_guardian
bounty.are:M 23603 greet_prog greet_prog_inner_guardian
bounty.are:M 23603 death_prog death_prog_inner_guardian
bounty.are:I 23601 give_prog give_prog_cabal_item
caelumaedan.are:I 1201 verb_prog verb_prog_rub_ball
caelumaedan.are:I 1202 verb_prog verb_prog_twist_ring
caelumaedan.are:I 1205 verb_prog verb_prog_fire_pistol
caelumaedan.are:I 1206 speech_prog speech_prog_vnum_talisman
caelumaedan.are:I 1206 verb_prog verb_prog_gate_talisman
cavernspt1.are:I 22646 verb_prog verb_prog_turn_spindle
cimar.are:M 2401 pulse_prog pulse_prog_shopkeeper
cimar.are:M 2402 pulse_prog pulse_prog_shopkeeper
cimar.are:M 2403 pulse_prog pulse_prog_shopkeeper
cimar.are:M 2404 pulse_prog pulse_prog_shopkeeper
cimar.are:M 2405 pulse_prog pulse_prog_shopkeeper
cimar.are:M 2406 pulse_prog pulse_prog_shopkeeper
cimar.are:M 2407 pulse_prog pulse_prog_shopkeeper
cimar.are:R 2419 pulse_prog pulse_prog_cimar_sewergrate
cimar.are:M 2425 greet_prog greet_prog_cimar_sorcgm
cimar.are:M 2481 greet_prog greet_prog_cimar_dollgirl
cimar.are:M 2481 give_prog give_prog_cimar_dollgirl
cimar.are:M 2481 speech_prog speech_prog_cimar_dollgirl
cimar.are:I 2797 verb_prog verb_prog_rub_talisman
cimarsewer.are:M 2220 fight_prog fight_prog_gking
cimarsewer.are:I 2241 loot_prog loot_prog_shelf
cimarsewer.are:I 2242 loot_prog loot_prog_shelf
cimarsewer.are:I 2243 loot_prog loot_prog_shelf
cimarsewer.are:I 2251 verb_prog verb_prog_turn_spindle
cimarsewer.are:I 2274 pulse_prog pulse_prog_pillar_zap
cimarsewer.are:I 2287 open_prog open_prog_sewer_casket
cimarsewer.are:I 2297 verb_prog verb_prog_pull_hook
dagdan.are:M 21529 pulse_prog pulse_prog_shopkeeper
dagdan.are:M 21530 pulse_prog pulse_prog_shopkeeper
dagdan.are:M 21531 pulse_prog pulse_prog_shopkeeper
dagdan.are:M 21532 pulse_prog pulse_prog_shopkeeper
dagdan.are:M 21533 pulse_prog pulse_prog_shopkeeper
dagdan.are:M 21534 pulse_prog pulse_prog_shopkeeper
eluvielshrine.are:M 112 pulse_prog pulse_prog_being_watched
eluvielshrine.are:I 112 invoke_prog invoke_prog_tattoo_ilanya
horde.are:M 23626 greet_prog greet_prog_outer_guardian
horde.are:M 23626 death_prog death_prog_outer_guardian
horde.are:M 23626 attack_prog attack_prog_outer_guardian
horde.are:M 23628 greet_prog greet_prog_inner_guardian
horde.are:M 23628 death_prog death_prog_inner_guardian
horde.are:M 23629 move_prog move_prog_horde_shrine_ward
horde.are:I 23625 give_prog give_prog_cabal_item
horde.are:I 23633 fight_prog fight_prog_horde_bull
horde.are:I 23635 fight_prog fight_prog_horde_bear
horde.are:I 23636 fight_prog fight_prog_horde_lion
horde.are:I 23639 pulse_prog pulse_prog_horde_jackal
horde.are:I 23640 fight_prog fight_prog_horde_wolf
horde.are:I 23641 fight_prog fight_prog_horde_hawk
horde.are:I 23645 death_prog death_prog_trophy_belt
horde.are:I 23646 verb_prog verb_prog_touch_obelisk
ilopheth.are:M 9014 give_prog give_prog_ilopheth_hermit
ilopheth.are:M 9014 speech_prog speech_prog_ilopheth_hermit
limbo.are:I 26 verb_prog verb_prog_kneel_guillotine
limbo.are:I 29 death_prog death_prog_explosives
limbo.are:I 29 entry_prog entry_prog_explosives
limbo.are:I 29 invoke_prog invoke_prog_explosives
limbo.are:I 49 invoke_prog invoke_prog_tattoo_jackass
limbo.are:I 50 invoke_prog invoke_prog_tattoo_dioxide
limbo.are:I 61 invoke_prog invoke_prog_tattoo_morglum
midgaard.are:M 3001 pulse_prog pulse_prog_shopkeeper
midgaard.are:M 3060 bribe_prog bribe_prog_cityguard
regal.are:M 23704 move_prog move_prog_theatre_guard
regal.are:I 23712 give_prog give_prog_cabal_item
ruins.are:A pulse_prog pulse_prog_ruins_shark
ruins.are:M 20100 greet_prog greet_prog_ruins_mouth
ruins.are:M 20100 speech_prog speech_prog_ruins_mouth
ruins.are:M 20109 greet_prog greet_prog_ruins_spirit
ruins.are:M 20110 greet_prog greet_prog_ruins_spirit
ruins.are:M 20140 greet_prog greet_prog_ruins_spirit
ruins.are:I 20173 fight_prog fight_prog_ruins_sword
sarloth.are:I 1708 pulse_prog pulse_prog_talismanic_scrap
sarloth.are:I 1709 pulse_prog pulse_prog_talismanic_page
scionenclave.are:M 23650 greet_prog greet_prog_outer_guardian
scionenclave.are:M 23650 death_prog death_prog_outer_guardian
scionenclave.are:M 23650 attack_prog attack_prog_outer_guardian
scionenclave.are:M 23651 greet_prog greet_prog_inner_guardian
scionenclave.are:M 23651 death_prog death_prog_inner_guardian
scionenclave.are:I 23652 give_prog give_prog_cabal_item
skills.are:M 2935 pulse_prog pulse_prog_demon
skills.are:M 2936 pulse_prog pulse_prog_demon
skills.are:M 2937 pulse_prog pulse_prog_demon
skills.are:M 2958 aggress_prog aggress_prog_anchor
skills.are:M 2961 death_prog death_prog_glass
skills.are:M 2962 greet_prog greet_prog_necro_skull
skills.are:M 2962 death_prog death_prog_necro_skull
skills.are:M 2962 pulse_prog pulse_prog_necro_skull
skills.are:M 2963 death_prog death_prog_barbas
skills.are:M 2963 beat_prog beat_prog_barbas
skills.are:M 2963 attack_prog attack_prog_lesser_demon
skills.are:M 2964 speech_prog speech_prog_aamon
skills.are:M 2964 attack_prog attack_prog_lesser_demon
skills.are:M 2965 bribe_prog bribe_prog_malaphar
skills.are:M 2965 give_prog give_prog_malaphar
skills.are:M 2965 attack_prog attack_prog_lesser_demon
skills.are:M 2966 greet_prog greet_prog_furcas
skills.are:M 2966 attack_prog attack_prog_lesser_demon
skills.are:M 2967 speech_prog speech_prog_ipos
skills.are:M 2967 attack_prog attack_prog_lesser_demon
skills.are:M 2968 speech_prog speech_prog_oze
skills.are:M 2969 speech_prog speech_prog_gamygyn
skills.are:M 2970 speech_prog speech_prog_orobas
skills.are:M 2971 speech_prog speech_prog_geryon
skills.are:M 2972 speech_prog speech_prog_cimeries
skills.are:M 2979 give_prog give_prog_minotaur
skills.are:M 2980 entry_prog entry_prog_cornogun
skills.are:M 2980 pulse_prog pulse_prog_cornogun
skills.are:I 2904 verb_prog verb_prog_harness_crystal
skills.are:I 2912 fight_prog fight_prog_cure_critical
skills.are:I 2913 fight_prog fight_prog_cure_critical
skills.are:I 2926 greet_prog greet_prog_corpse_explode
tahlu.are:M 1618 pulse_prog pulse_prog_tahlu_mist_ward
tahlu.are:I 1606 fight_prog fight_prog_amber_medallion
tahlu.are:I 1650 speech_prog speech_prog_ice_dragon_statue
ulfarm.are:M 11600 pulse_prog pulse_prog_shopkeeper
ulfarm.are:M 11616 pulse_prog pulse_prog_shopkeeper
ulfarm.are:M 11617 pulse_prog pulse_prog_shopkeeper
ulfarm.are:M 11618 pulse_prog pulse_prog_shopkeeper
